src/views/admin/components/ExperimentData.tsx(85,21): error TS2345: Argument of type '(prev: { name: ""; notes: ""; file: ""; }) => { name: "" | "数据集名称不能为空" | "数据集名称至少需要2个字符" | "数据集名称不能超过100个字符"; notes: ""; file: ""; }' is not assignable to parameter of type 'SetStateAction<{ name: ""; notes: ""; file: ""; }>'.
  Type '(prev: { name: ""; notes: ""; file: ""; }) => { name: "" | "数据集名称不能为空" | "数据集名称至少需要2个字符" | "数据集名称不能超过100个字符"; notes: ""; file: ""; }' is not assignable to type '(prevState: { name: ""; notes: ""; file: ""; }) => { name: ""; notes: ""; file: ""; }'.
    Call signature return types '{ name: "" | "数据集名称不能为空" | "数据集名称至少需要2个字符" | "数据集名称不能超过100个字符"; notes: ""; file: ""; }' and '{ name: ""; notes: ""; file: ""; }' are incompatible.
      The types of 'name' are incompatible between these types.
        Type '"" | "数据集名称不能为空" | "数据集名称至少需要2个字符" | "数据集名称不能超过100个字符"' is not assignable to type '""'.
          Type '"数据集名称不能为空"' is not assignable to type '""'.
src/views/admin/components/ExperimentData.tsx(93,21): error TS2345: Argument of type '(prev: { name: ""; notes: ""; file: ""; }) => { notes: "" | "备注不能超过200个字符"; name: ""; file: ""; }' is not assignable to parameter of type 'SetStateAction<{ name: ""; notes: ""; file: ""; }>'.
  Type '(prev: { name: ""; notes: ""; file: ""; }) => { notes: "" | "备注不能超过200个字符"; name: ""; file: ""; }' is not assignable to type '(prevState: { name: ""; notes: ""; file: ""; }) => { name: ""; notes: ""; file: ""; }'.
    Call signature return types '{ notes: "" | "备注不能超过200个字符"; name: ""; file: ""; }' and '{ name: ""; notes: ""; file: ""; }' are incompatible.
      The types of 'notes' are incompatible between these types.
        Type '"" | "备注不能超过200个字符"' is not assignable to type '""'.
          Type '"备注不能超过200个字符"' is not assignable to type '""'.
src/views/admin/components/ExperimentData.tsx(101,21): error TS2345: Argument of type '(prev: { name: ""; notes: ""; file: ""; }) => { file: "" | "请上传数据文件" | "仅支持上传CSV文件" | "文件大小不能超过50MB"; name: ""; notes: ""; }' is not assignable to parameter of type 'SetStateAction<{ name: ""; notes: ""; file: ""; }>'.
  Type '(prev: { name: ""; notes: ""; file: ""; }) => { file: "" | "请上传数据文件" | "仅支持上传CSV文件" | "文件大小不能超过50MB"; name: ""; notes: ""; }' is not assignable to type '(prevState: { name: ""; notes: ""; file: ""; }) => { name: ""; notes: ""; file: ""; }'.
    Call signature return types '{ file: "" | "请上传数据文件" | "仅支持上传CSV文件" | "文件大小不能超过50MB"; name: ""; notes: ""; }' and '{ name: ""; notes: ""; file: ""; }' are incompatible.
      The types of 'file' are incompatible between these types.
        Type '"" | "请上传数据文件" | "仅支持上传CSV文件" | "文件大小不能超过50MB"' is not assignable to type '""'.
          Type '"请上传数据文件"' is not assignable to type '""'.
src/views/admin/components/ExperimentData.tsx(109,19): error TS2345: Argument of type '(prev: { name: ""; notes: ""; }) => { name: "" | "数据集名称不能为空" | "数据集名称至少需要2个字符" | "数据集名称不能超过100个字符"; notes: ""; }' is not assignable to parameter of type 'SetStateAction<{ name: ""; notes: ""; }>'.
  Type '(prev: { name: ""; notes: ""; }) => { name: "" | "数据集名称不能为空" | "数据集名称至少需要2个字符" | "数据集名称不能超过100个字符"; notes: ""; }' is not assignable to type '(prevState: { name: ""; notes: ""; }) => { name: ""; notes: ""; }'.
    Call signature return types '{ name: "" | "数据集名称不能为空" | "数据集名称至少需要2个字符" | "数据集名称不能超过100个字符"; notes: ""; }' and '{ name: ""; notes: ""; }' are incompatible.
      The types of 'name' are incompatible between these types.
        Type '"" | "数据集名称不能为空" | "数据集名称至少需要2个字符" | "数据集名称不能超过100个字符"' is not assignable to type '""'.
          Type '"数据集名称不能为空"' is not assignable to type '""'.
src/views/admin/components/ExperimentData.tsx(117,19): error TS2345: Argument of type '(prev: { name: ""; notes: ""; }) => { notes: "" | "备注不能超过200个字符"; name: ""; }' is not assignable to parameter of type 'SetStateAction<{ name: ""; notes: ""; }>'.
  Type '(prev: { name: ""; notes: ""; }) => { notes: "" | "备注不能超过200个字符"; name: ""; }' is not assignable to type '(prevState: { name: ""; notes: ""; }) => { name: ""; notes: ""; }'.
    Call signature return types '{ notes: "" | "备注不能超过200个字符"; name: ""; }' and '{ name: ""; notes: ""; }' are incompatible.
      The types of 'notes' are incompatible between these types.
        Type '"" | "备注不能超过200个字符"' is not assignable to type '""'.
          Type '"备注不能超过200个字符"' is not assignable to type '""'.
src/views/admin/components/ExperimentData.tsx(165,40): error TS2322: Type '"" | "请上传数据文件" | "仅支持上传CSV文件" | "文件大小不能超过50MB"' is not assignable to type '""'.
  Type '"请上传数据文件"' is not assignable to type '""'.
src/views/admin/components/ExperimentData.tsx(165,57): error TS2322: Type '"" | "备注不能超过200个字符"' is not assignable to type '""'.
  Type '"备注不能超过200个字符"' is not assignable to type '""'.
src/views/admin/components/ExperimentData.tsx(173,29): error TS2769: No overload matches this call.
  The last overload gave the following error.
    Argument of type 'File | null' is not assignable to parameter of type 'Blob'.
      Type 'null' is not assignable to type 'Blob'.
src/views/admin/components/ExperimentData.tsx(192,38): error TS2322: Type '"" | "备注不能超过200个字符"' is not assignable to type '""'.
  Type '"备注不能超过200个字符"' is not assignable to type '""'.
src/views/admin/components/ExperimentManual.tsx(84,21): error TS2345: Argument of type '(prev: { name: ""; notes: ""; file: ""; }) => { name: "" | "手册名称不能为空" | "手册名称至少需要2个字符" | "手册名称不能超过100个字符"; notes: ""; file: ""; }' is not assignable to parameter of type 'SetStateAction<{ name: ""; notes: ""; file: ""; }>'.
  Type '(prev: { name: ""; notes: ""; file: ""; }) => { name: "" | "手册名称不能为空" | "手册名称至少需要2个字符" | "手册名称不能超过100个字符"; notes: ""; file: ""; }' is not assignable to type '(prevState: { name: ""; notes: ""; file: ""; }) => { name: ""; notes: ""; file: ""; }'.
    Call signature return types '{ name: "" | "手册名称不能为空" | "手册名称至少需要2个字符" | "手册名称不能超过100个字符"; notes: ""; file: ""; }' and '{ name: ""; notes: ""; file: ""; }' are incompatible.
      The types of 'name' are incompatible between these types.
        Type '"" | "手册名称不能为空" | "手册名称至少需要2个字符" | "手册名称不能超过100个字符"' is not assignable to type '""'.
          Type '"手册名称不能为空"' is not assignable to type '""'.
src/views/admin/components/ExperimentManual.tsx(92,21): error TS2345: Argument of type '(prev: { name: ""; notes: ""; file: ""; }) => { notes: "" | "备注不能超过200个字符"; name: ""; file: ""; }' is not assignable to parameter of type 'SetStateAction<{ name: ""; notes: ""; file: ""; }>'.
  Type '(prev: { name: ""; notes: ""; file: ""; }) => { notes: "" | "备注不能超过200个字符"; name: ""; file: ""; }' is not assignable to type '(prevState: { name: ""; notes: ""; file: ""; }) => { name: ""; notes: ""; file: ""; }'.
    Call signature return types '{ notes: "" | "备注不能超过200个字符"; name: ""; file: ""; }' and '{ name: ""; notes: ""; file: ""; }' are incompatible.
      The types of 'notes' are incompatible between these types.
        Type '"" | "备注不能超过200个字符"' is not assignable to type '""'.
          Type '"备注不能超过200个字符"' is not assignable to type '""'.
src/views/admin/components/ExperimentManual.tsx(100,21): error TS2345: Argument of type '(prev: { name: ""; notes: ""; file: ""; }) => { file: "" | "请上传PDF文件" | "仅支持上传PDF格式文件" | "文件大小不能超过20MB"; name: ""; notes: ""; }' is not assignable to parameter of type 'SetStateAction<{ name: ""; notes: ""; file: ""; }>'.
  Type '(prev: { name: ""; notes: ""; file: ""; }) => { file: "" | "请上传PDF文件" | "仅支持上传PDF格式文件" | "文件大小不能超过20MB"; name: ""; notes: ""; }' is not assignable to type '(prevState: { name: ""; notes: ""; file: ""; }) => { name: ""; notes: ""; file: ""; }'.
    Call signature return types '{ file: "" | "请上传PDF文件" | "仅支持上传PDF格式文件" | "文件大小不能超过20MB"; name: ""; notes: ""; }' and '{ name: ""; notes: ""; file: ""; }' are incompatible.
      The types of 'file' are incompatible between these types.
        Type '"" | "请上传PDF文件" | "仅支持上传PDF格式文件" | "文件大小不能超过20MB"' is not assignable to type '""'.
          Type '"请上传PDF文件"' is not assignable to type '""'.
src/views/admin/components/ExperimentManual.tsx(108,19): error TS2345: Argument of type '(prev: { name: ""; notes: ""; }) => { name: "" | "手册名称不能为空" | "手册名称至少需要2个字符" | "手册名称不能超过100个字符"; notes: ""; }' is not assignable to parameter of type 'SetStateAction<{ name: ""; notes: ""; }>'.
  Type '(prev: { name: ""; notes: ""; }) => { name: "" | "手册名称不能为空" | "手册名称至少需要2个字符" | "手册名称不能超过100个字符"; notes: ""; }' is not assignable to type '(prevState: { name: ""; notes: ""; }) => { name: ""; notes: ""; }'.
    Call signature return types '{ name: "" | "手册名称不能为空" | "手册名称至少需要2个字符" | "手册名称不能超过100个字符"; notes: ""; }' and '{ name: ""; notes: ""; }' are incompatible.
      The types of 'name' are incompatible between these types.
        Type '"" | "手册名称不能为空" | "手册名称至少需要2个字符" | "手册名称不能超过100个字符"' is not assignable to type '""'.
          Type '"手册名称不能为空"' is not assignable to type '""'.
src/views/admin/components/ExperimentManual.tsx(116,19): error TS2345: Argument of type '(prev: { name: ""; notes: ""; }) => { notes: "" | "备注不能超过200个字符"; name: ""; }' is not assignable to parameter of type 'SetStateAction<{ name: ""; notes: ""; }>'.
  Type '(prev: { name: ""; notes: ""; }) => { notes: "" | "备注不能超过200个字符"; name: ""; }' is not assignable to type '(prevState: { name: ""; notes: ""; }) => { name: ""; notes: ""; }'.
    Call signature return types '{ notes: "" | "备注不能超过200个字符"; name: ""; }' and '{ name: ""; notes: ""; }' are incompatible.
      The types of 'notes' are incompatible between these types.
        Type '"" | "备注不能超过200个字符"' is not assignable to type '""'.
          Type '"备注不能超过200个字符"' is not assignable to type '""'.
src/views/admin/components/ExperimentManual.tsx(190,40): error TS2322: Type '"" | "请上传PDF文件" | "仅支持上传PDF格式文件" | "文件大小不能超过20MB"' is not assignable to type '""'.
  Type '"请上传PDF文件"' is not assignable to type '""'.
src/views/admin/components/ExperimentManual.tsx(190,57): error TS2322: Type '"" | "备注不能超过200个字符"' is not assignable to type '""'.
  Type '"备注不能超过200个字符"' is not assignable to type '""'.
src/views/admin/components/ExperimentManual.tsx(198,29): error TS2769: No overload matches this call.
  The last overload gave the following error.
    Argument of type 'File | null' is not assignable to parameter of type 'Blob'.
      Type 'null' is not assignable to type 'Blob'.
src/views/admin/components/ExperimentManual.tsx(226,38): error TS2322: Type '"" | "备注不能超过200个字符"' is not assignable to type '""'.
  Type '"备注不能超过200个字符"' is not assignable to type '""'.
src/views/admin/components/UserManagement.tsx(198,25): error TS2322: Type 'string' is not assignable to type '""'.
src/views/admin/components/UserManagement.tsx(198,56): error TS2322: Type '"" | "两次输入的密码不一致" | "请再次输入新密码"' is not assignable to type '""'.
  Type '"两次输入的密码不一致"' is not assignable to type '""'.
src/views/admin/components/UserManagement.tsx(203,23): error TS2345: Argument of type '(prev: { newPassword: ""; confirmPassword: ""; }) => { confirmPassword: "" | "两次输入的密码不一致" | "请再次输入新密码"; newPassword: ""; }' is not assignable to parameter of type 'SetStateAction<{ newPassword: ""; confirmPassword: ""; }>'.
  Type '(prev: { newPassword: ""; confirmPassword: ""; }) => { confirmPassword: "" | "两次输入的密码不一致" | "请再次输入新密码"; newPassword: ""; }' is not assignable to type '(prevState: { newPassword: ""; confirmPassword: ""; }) => { newPassword: ""; confirmPassword: ""; }'.
    Call signature return types '{ confirmPassword: "" | "两次输入的密码不一致" | "请再次输入新密码"; newPassword: ""; }' and '{ newPassword: ""; confirmPassword: ""; }' are incompatible.
      The types of 'confirmPassword' are incompatible between these types.
        Type '"" | "两次输入的密码不一致" | "请再次输入新密码"' is not assignable to type '""'.
          Type '"两次输入的密码不一致"' is not assignable to type '""'.
src/views/admin/components/UserManagement.tsx(328,25): error TS2322: Type 'string' is not assignable to type '""'.
src/views/admin/components/UserManagement.tsx(328,56): error TS2322: Type '"" | "两次输入的密码不一致" | "请再次输入新密码"' is not assignable to type '""'.
  Type '"两次输入的密码不一致"' is not assignable to type '""'.
src/views/admin/components/UserManagement.tsx(371,7): error TS2322: Type 'string' is not assignable to type '""'.
src/views/admin/components/UserManagement.tsx(372,7): error TS2322: Type 'string' is not assignable to type '""'.
src/views/admin/components/UserManagement.tsx(373,7): error TS2322: Type 'string' is not assignable to type '""'.
src/views/admin/components/UserManagement.tsx(374,7): error TS2322: Type 'string' is not assignable to type '""'.
src/views/admin/components/UserManagement.tsx(375,7): error TS2322: Type 'string' is not assignable to type '""'.
src/views/jiaoshi/components/Assessment/GradesOverview.tsx(176,37): error TS2532: Object is possibly 'undefined'.
src/views/login/components/LoginContainer.tsx(4,24): error TS1484: 'RegisterFormData' is a type and must be imported using a type-only import when 'verbatimModuleSyntax' is enabled.
src/views/shared/assessment/GradeCharts.tsx(100,31): error TS2677: A type predicate's type must be assignable to its parameter's type.
  Type '{ label: string; average: number; samples: number; }' is not assignable to type '{ label: "实验流程" | "模型质量" | "知识测试" | "报告质量"; average: number; samples: number; }'.
    Types of property 'label' are incompatible.
      Type 'string' is not assignable to type '"实验流程" | "模型质量" | "知识测试" | "报告质量"'.
src/views/shiyan/data/historicalDatasets.ts(117,3): error TS2322: Type 'HistoricalDataset | undefined' is not assignable to type 'HistoricalDataset'.
  Type 'undefined' is not assignable to type 'HistoricalDataset'.
src/views/shiyan/pages/ExperimentReport.tsx(572,136): error TS2532: Object is possibly 'undefined'.
src/views/shiyan/pages/IndustrySelection.tsx(40,13): error TS2322: Type 'ElementType<any, keyof IntrinsicElements> | undefined' is not assignable to type 'ElementType<any, keyof IntrinsicElements>'.
  Type 'undefined' is not assignable to type 'ElementType<any, keyof IntrinsicElements>'.
src/views/shiyan/pages/ModelQuiz.tsx(67,82): error TS2532: Object is possibly 'undefined'.
src/views/shiyan/pages/PlanQuiz.tsx(67,82): error TS2532: Object is possibly 'undefined'.
src/views/shiyan/pages/models/ModelIntroduction.tsx(367,16): error TS18048: 'activeModel' is possibly 'undefined'.
src/views/shiyan/pages/models/ModelIntroduction.tsx(421,64): error TS18048: 'activeModel' is possibly 'undefined'.
src/views/shiyan/pages/models/ModelIntroduction.tsx(423,17): error TS18048: 'activeModel' is possibly 'undefined'.
src/views/shiyan/pages/models/ModelIntroduction.tsx(427,18): error TS18048: 'activeModel' is possibly 'undefined'.
src/views/shiyan/pages/models/ModelIntroduction.tsx(434,59): error TS18048: 'activeModel' is possibly 'undefined'.
src/views/shiyan/pages/models/ModelIntroduction.tsx(444,16): error TS18048: 'activeModel' is possibly 'undefined'.
src/views/shiyan/pages/models/ModelIntroduction.tsx(457,16): error TS18048: 'activeModel' is possibly 'undefined'.
src/views/shiyan/pages/models/ModelIntroduction.tsx(475,16): error TS18048: 'activeModel' is possibly 'undefined'.
src/views/shiyan/pages/models/ModelIntroduction.tsx(491,16): error TS18048: 'activeModel' is possibly 'undefined'.
src/views/shiyan/pages/models/ModelIntroduction.tsx(503,18): error TS18048: 'activeModel' is possibly 'undefined'.
src/views/shiyan/pages/models/ModelIntroduction.tsx(517,18): error TS18048: 'activeModel' is possibly 'undefined'.
src/views/shiyan/pages/models/ModelIntroduction.tsx(531,16): error TS18048: 'activeModel' is possibly 'undefined'.
src/views/shiyan/pages/production/components/MPSTableViewV2.tsx(64,12): error TS18048: 'visibleColumns' is possibly 'undefined'.
src/views/shiyan/pages/production/components/MPSTableViewV2.tsx(88,14): error TS18048: 'visibleColumns' is possibly 'undefined'.
src/views/shiyan/pages/production/components/MPSTableViewV2.tsx(270,18): error TS18048: 'visibleColumns' is possibly 'undefined'.
src/views/shiyan/pages/production/steps/ConceptStep1.tsx(20,27): error TS2551: Property 'demoPrediction' does not exist on type 'ProductionPlanState'. Did you mean 'predictions'?
src/views/shiyan/pages/production/steps/ConceptStep1.tsx(60,7): error TS2353: Object literal may only specify known properties, and 'mode' does not exist in type '{ scenario: CapacityScenario; capacity: number; }'.
src/views/shiyan/pages/production/steps/ConceptStep2.tsx(30,35): error TS2339: Property 'fillPeriod2Field' does not exist on type 'ProductionPlanContextValue'.
src/views/shiyan/pages/production/steps/ConceptStep2.tsx(30,74): error TS2339: Property 'updateDemoPrediction' does not exist on type 'ProductionPlanContextValue'.
src/views/shiyan/pages/production/steps/ConceptStep2.tsx(179,47): error TS2551: Property 'demoPrediction' does not exist on type 'ProductionPlanState'. Did you mean 'predictions'?
src/views/shiyan/pages/production/steps/ConceptStep2.tsx(181,77): error TS2339: Property 'demoStdDev' does not exist on type 'ProductionPlanState'.
src/views/shiyan/pages/production/steps/ConceptStep2.tsx(216,34): error TS2551: Property 'demoPrediction' does not exist on type 'ProductionPlanState'. Did you mean 'predictions'?
src/views/shiyan/pages/production/steps/ConceptStep2.tsx(216,56): error TS2339: Property 'demoStdDev' does not exist on type 'ProductionPlanState'.
src/views/shiyan/pages/production/steps/ConceptStep2.tsx(363,36): error TS2551: Property 'demoPrediction' does not exist on type 'ProductionPlanState'. Did you mean 'predictions'?
src/views/shiyan/pages/production/steps/ConceptStep3.tsx(6,18): error TS2339: Property 'fillPeriod2Field' does not exist on type 'ProductionPlanContextValue'.
src/views/shiyan/pages/production/steps/ConceptStep3.tsx(11,70): error TS2339: Property 'demoStdDev' does not exist on type 'ProductionPlanState'.
src/views/shiyan/pages/production/steps/ConceptStep3.tsx(16,99): error TS2339: Property 'demoStdDev' does not exist on type 'ProductionPlanState'.
src/views/shiyan/pages/production/steps/ConceptStep3.tsx(52,32): error TS2339: Property 'demoStdDev' does not exist on type 'ProductionPlanState'.
src/views/shiyan/pages/production/steps/ConceptStep3.tsx(67,54): error TS2339: Property 'demoStdDev' does not exist on type 'ProductionPlanState'.
src/views/shiyan/pages/production/steps/ConceptStep4.tsx(6,18): error TS2339: Property 'fillPeriod2Field' does not exist on type 'ProductionPlanContextValue'.
src/views/shiyan/pages/production/steps/ConceptStep5.tsx(7,18): error TS2339: Property 'fillPeriod2Field' does not exist on type 'ProductionPlanContextValue'.
src/views/shiyan/pages/production/steps/ConceptStep6.tsx(7,18): error TS2339: Property 'fillPeriod2Field' does not exist on type 'ProductionPlanContextValue'.
src/views/shiyan/pages/production/steps/ConceptStep7.tsx(6,18): error TS2339: Property 'fillPeriod2Field' does not exist on type 'ProductionPlanContextValue'.
src/views/shiyan/pages/production/steps/ConceptStep8.tsx(6,18): error TS2339: Property 'fillPeriod2Field' does not exist on type 'ProductionPlanContextValue'.
src/views/shiyan/pages/production/steps/ConceptStep9.tsx(81,45): error TS2339: Property 'capacityMode' does not exist on type 'ProductionPlanState'.
src/views/shiyan/pages/production/steps/ConceptStep9.tsx(84,47): error TS2339: Property 'customCapacity' does not exist on type 'ProductionPlanState'.
src/views/shiyan/pages/production/steps_v2/NewStep1.tsx(117,40): error TS2532: Object is possibly 'undefined'.
src/views/shiyan/pages/production/steps_v2/NewStep2.tsx(40,33): error TS2532: Object is possibly 'undefined'.
src/views/shiyan/pages/production/steps_v2/NewStep4.tsx(24,22): error TS2532: Object is possibly 'undefined'.
src/views/shiyan/pages/production/steps_v2/NewStep4.tsx(37,7): error TS2532: Object is possibly 'undefined'.
src/views/shiyan/pages/production/steps_v2/NewStep4.tsx(57,29): error TS2532: Object is possibly 'undefined'.
src/views/zhujiao/components/Assessment/GradesOverview.tsx(176,37): error TS2532: Object is possibly 'undefined'.
